
<!DOCTYPE html>
<html lang="en">
<head>
    <title>My awesome Blog!</title>
    <meta charset="UTF-8"/>
    <meta name="description" content="Please like and suscribe!" lang="en"/>
</head>
<body>
<nav role="navigation">
    <div>
        <h1>Danilob's awesome Blog!</h1>
        <ul>
            <li><a href="/">home</a></li>
            <li><a href="about">about</a></li>
            <li><a href="archive">archive</a></li>
        </ul>
    </div>
</nav>
<main>

Index: <ul><li><a href="./post/hello-world">Hello World</a></li><li><a href="./post/hello-world-2">Hello World 2</a></li></ul>

</main>
<footer>
    <ul>
        <li><a href="https://twitter.com/isedaniel">twitter</a></li>
        <li><a href="https://github.com/isedaniel">github</a></li>
    </ul>
</footer>
</body>
</html>

