
<!DOCTYPE html>
<html lang="en">
<head>
    <title>My awesome Blog!</title>
    <meta charset="UTF-8"/>
    <meta name="description" content="Please like and suscribe!" lang="en"/>
</head>
<body>
<nav role="navigation">
    <div>
        <h1>Danilob's awesome Blog!</h1>
        <ul>
            <li><a href="/">home</a></li>
            <li><a href="about">about</a></li>
            <li><a href="archive">archive</a></li>
        </ul>
    </div>
</nav>
<main>

<h1>Hello World</h1>

<p>This is a description.</p>

<p><h1>Body Title</h1>

<p>This is the body of the post.</p>

<p>A little link <a href="https://github.com/isedaniel">here</a>.</p>
</p>

Tags: <ul><li>go</li><li>tdd</li></ul>

</main>
<footer>
    <ul>
        <li><a href="https://twitter.com/isedaniel">twitter</a></li>
        <li><a href="https://github.com/isedaniel">github</a></li>
    </ul>
</footer>
</body>
</html>

